// Jest Snapshot v1, https://goo.gl/fbAQLP

exports[`Checkbox component should render correctly 1`] = `
<div>
  <div
    class=""
  >
    <div
      class="m-form-control-label end"
    >
      <div
        aria-label=""
        class="m-tooltip-root tooltip-label tooltip-container"
        data-mui-internal-clone-element="true"
      >
        <label>
          I agree with T&Cs
        </label>
      </div>
      <div
        class="label-children"
      >
        <span
          class="MuiButtonBase-root MuiCheckbox-root MuiCheckbox-colorSecondary MuiCheckbox-sizeSmall PrivateSwitchBase-root MuiCheckbox-root MuiCheckbox-colorSecondary MuiCheckbox-sizeSmall MuiCheckbox-root MuiCheckbox-colorSecondary MuiCheckbox-sizeSmall css-1sg8fd1-MuiButtonBase-root-MuiCheckbox-root"
        >
          <input
            class="PrivateSwitchBase-input css-1m9pwf3"
            data-indeterminate="false"
            id="chk1"
            type="checkbox"
          />
          <svg
            aria-hidden="true"
            class="MuiSvgIcon-root MuiSvgIcon-fontSizeSmall css-ptiqhd-MuiSvgIcon-root"
            data-testid="CheckBoxOutlineBlankIcon"
            focusable="false"
            viewBox="0 0 24 24"
          >
            <path
              d="M19 5v14H5V5h14m0-2H5c-1.1 0-2 .9-2 2v14c0 1.1.9 2 2 2h14c1.1 0 2-.9 2-2V5c0-1.1-.9-2-2-2z"
            />
          </svg>
          <span
            class="MuiTouchRipple-root css-8je8zh-MuiTouchRipple-root"
          />
        </span>
      </div>
    </div>
  </div>
</div>
`;
