// Jest Snapshot v1, https://goo.gl/fbAQLP

exports[`Slider component should render correctly 1`] = `
<div>
  <span
    class="MuiSlider-root MuiSlider-colorSecondary MuiSlider-sizeMedium slider-root light css-1diafny-MuiSlider-root"
  >
    <span
      class="MuiSlider-rail css-14pt78w-MuiSlider-rail"
    />
    <span
      class="MuiSlider-track css-1gv0vcd-MuiSlider-track"
      style="left: 0%; width: 0%;"
    />
    <span
      class="MuiSlider-thumb MuiSlider-thumbSizeMedium MuiSlider-thumbColorSecondary MuiSlider-thumb MuiSlider-thumbSizeMedium MuiSlider-thumbColorSecondary css-frv3qg-MuiSlider-thumb"
      data-index="0"
      style="left: 0%;"
    >
      <input
        aria-orientation="horizontal"
        aria-valuemax="100"
        aria-valuemin="0"
        aria-valuenow="0"
        data-index="0"
        max="100"
        min="0"
        step="1"
        style="border: 0px; height: 100%; margin: -1px; overflow: hidden; padding: 0px; position: absolute; white-space: nowrap; width: 100%; direction: ltr;"
        type="range"
        value="0"
      />
    </span>
  </span>
</div>
`;
