// Jest Snapshot v1, https://goo.gl/fbAQLP

exports[`Grid component should render correctly 1`] = `
<div>
  <div
    class="m-grid ag-theme-balham ag-theme-material ag-theme-material-light comfy side-bar-visible"
    style="width: 100%; height: 100%;"
  >
    <div
      style="height: 100%;"
    >
      <!-- AG Grid -->
      <div
        class="ag-root-wrapper ag-ltr ag-layout-normal"
        role="presentation"
      >
        <div
          class="ag-root-wrapper-body ag-focus-managed ag-layout-normal"
          role="presentation"
        >
          <div
            class="ag-tab-guard ag-tab-guard-top"
            role="presentation"
            tabindex="0"
          />
          <!-- AG Grid Body -->
          <div
            aria-colcount="0"
            aria-rowcount="1"
            class="ag-root ag-unselectable ag-layout-normal"
            role="grid"
          >
            <div
              class="ag-header ag-pivot-off"
              role="presentation"
              style="height: 33px; min-height: 33px;"
            >
              <div
                class="ag-pinned-left-header ag-hidden"
                role="presentation"
                style="width: 0px; min-width: 0px; max-width: 0px;"
              >
                <div
                  aria-rowindex="1"
                  class="ag-header-row ag-header-row-column"
                  role="row"
                  style="height: 32px; top: 0px; width: 0px;"
                />
              </div>
              <div
                class="ag-header-viewport "
                role="presentation"
              >
                <div
                  class="ag-header-container"
                  role="rowgroup"
                  style="width: 0px;"
                >
                  <div
                    aria-rowindex="1"
                    class="ag-header-row ag-header-row-column"
                    role="row"
                    style="height: 32px; top: 0px; width: 0px;"
                  />
                </div>
              </div>
              <div
                class="ag-pinned-right-header ag-hidden"
                role="presentation"
                style="width: 0px; min-width: 0px; max-width: 0px;"
              >
                <div
                  aria-rowindex="1"
                  class="ag-header-row ag-header-row-column"
                  role="row"
                  style="height: 32px; top: 0px; width: 0px;"
                />
              </div>
            </div>
            <!-- AG Pinned Top -->
            <div
              class="ag-floating-top"
              role="presentation"
              style="height: 0px; min-height: 0; display: none; overflow-y: hidden;"
            >
              <!-- AG Row Container topLeft -->
              <div
                class="ag-pinned-left-floating-top ag-hidden"
                role="presentation"
              />
              <!-- AG Row Container topCenter -->
              <div
                class="ag-floating-top-viewport"
                role="presentation"
              >
                <div
                  class="ag-floating-top-container"
                  role="presentation"
                  style="width: 0px;"
                />
              </div>
              <!-- AG Row Container topRight -->
              <div
                class="ag-pinned-right-floating-top ag-hidden"
                role="presentation"
              />
              <!-- AG Row Container topFullWidth -->
              <div
                class="ag-floating-top-full-width-container"
                role="presentation"
              />
            </div>
            <!-- AG Middle -->
            <div
              class="ag-body-viewport ag-row-no-animation ag-layout-normal"
              role="presentation"
            >
              <!-- AG Row Container left -->
              <div
                class="ag-pinned-left-cols-container ag-hidden"
                role="presentation"
                style="height: 1px;"
              />
              <!-- AG Row Container center -->
              <div
                class="ag-center-cols-clipper"
                role="presentation"
                style="height: 1px;"
              >
                <div
                  class="ag-center-cols-viewport"
                  role="presentation"
                  style="height: 100%;"
                >
                  <div
                    class="ag-center-cols-container"
                    role="presentation"
                    style="height: 1px; width: 0px;"
                  />
                </div>
              </div>
              <!-- AG Row Container right -->
              <div
                class="ag-pinned-right-cols-container ag-hidden"
                role="presentation"
                style="height: 1px;"
              />
              <!-- AG Row Container fullWidth -->
              <div
                class="ag-full-width-container"
                role="presentation"
                style="height: 1px;"
              />
            </div>
            <!-- AG Sticky Top -->
            <div
              class="ag-sticky-top"
              role="presentation"
              style="height: 0px; top: 33px; width: 100%;"
            >
              <!-- AG Row Container stickyTopLeft -->
              <div
                class="ag-pinned-left-sticky-top ag-hidden"
                role="presentation"
              />
              <!-- AG Row Container stickyTopCenter -->
              <div
                class="ag-sticky-top-viewport"
                role="presentation"
              >
                <div
                  class="ag-sticky-top-container"
                  role="presentation"
                  style="width: 0px;"
                />
              </div>
              <!-- AG Row Container stickyTopRight -->
              <div
                class="ag-pinned-right-sticky-top ag-hidden"
                role="presentation"
              />
              <!-- AG Row Container stickyTopFullWidth -->
              <div
                class="ag-sticky-top-full-width-container"
                role="presentation"
              />
            </div>
            <!-- AG Pinned Bottom -->
            <div
              class="ag-floating-bottom"
              role="presentation"
              style="height: 0px; min-height: 0; display: none; overflow-y: hidden;"
            >
              <!-- AG Row Container bottomLeft -->
              <div
                class="ag-pinned-left-floating-bottom ag-hidden"
                role="presentation"
              />
              <!-- AG Row Container bottomCenter -->
              <div
                class="ag-floating-bottom-viewport"
                role="presentation"
              >
                <div
                  class="ag-floating-bottom-container"
                  role="presentation"
                  style="width: 0px;"
                />
              </div>
              <!-- AG Row Container bottomRight -->
              <div
                class="ag-pinned-right-floating-bottom ag-hidden"
                role="presentation"
              />
              <!-- AG Row Container bottomFullWidth -->
              <div
                class="ag-floating-bottom-full-width-container"
                role="presentation"
              />
            </div>
            <!-- AG Fake Horizontal Scroll -->
            <div
              aria-hidden="true"
              class="ag-body-horizontal-scroll ag-hidden"
              style="height: 0px; max-height: 0px; min-height: 0px;"
            >
              
            
              <div
                class="ag-horizontal-left-spacer"
                ref="eLeftSpacer"
                style="width: 0px; max-width: 0px; min-width: 0px;"
              />
              
            
              <div
                class="ag-body-horizontal-scroll-viewport"
                ref="eViewport"
                style="height: 0px; max-height: 0px; min-height: 0px;"
              >
                
                
                <div
                  class="ag-body-horizontal-scroll-container"
                  ref="eContainer"
                  style="height: 0px; max-height: 0px; min-height: 0px; width: 0px;"
                />
                
            
              </div>
              
            
              <div
                class="ag-horizontal-right-spacer"
                ref="eRightSpacer"
                style="width: 0px; max-width: 0px; min-width: 0px;"
              />
              
        
            </div>
            <!-- AG Overlay Wrapper -->
            <div
              aria-hidden="true"
              class="ag-overlay"
            >
              
            
              <div
                class="ag-overlay-panel"
              >
                
                
                <div
                  class="ag-overlay-wrapper ag-layout-normal ag-overlay-no-rows-wrapper"
                  ref="eOverlayWrapper"
                >
                  <span
                    class="ag-overlay-no-rows-center"
                  >
                    No Rows To Show
                  </span>
                </div>
                
            
              </div>
              
        
            </div>
          </div>
          <div
            class="ag-tab-guard ag-tab-guard-bottom"
            role="presentation"
            tabindex="0"
          />
        </div>
        <div
          class="ag-paging-panel ag-unselectable ag-hidden"
          id="ag-3"
        >
          
                
          <span
            class="ag-paging-row-summary-panel"
            role="status"
          >
            
                    
            <span
              class="ag-paging-row-summary-panel-number"
              id="ag-3-first-row"
              ref="lbFirstRowOnPage"
            />
            
                    
            <span
              id="ag-3-to"
            >
              to
            </span>
            
                    
            <span
              class="ag-paging-row-summary-panel-number"
              id="ag-3-last-row"
              ref="lbLastRowOnPage"
            />
            
                    
            <span
              id="ag-3-of"
            >
              of
            </span>
            
                    
            <span
              class="ag-paging-row-summary-panel-number"
              id="ag-3-row-count"
              ref="lbRecordCount"
            />
            
                
          </span>
          
                
          <span
            class="ag-paging-page-summary-panel"
            role="presentation"
          >
            
                    
            <div
              aria-label="First Page"
              class="ag-paging-button"
              ref="btFirst"
              role="button"
            >
              <span
                class="ag-icon ag-icon-first"
                role="presentation"
                unselectable="on"
              />
            </div>
            
                    
            <div
              aria-label="Previous Page"
              class="ag-paging-button"
              ref="btPrevious"
              role="button"
            >
              <span
                class="ag-icon ag-icon-previous"
                role="presentation"
                unselectable="on"
              />
            </div>
            
                    
            <span
              class="ag-paging-description"
              role="status"
            >
              
                        
              <span
                id="ag-3-start-page"
              >
                Page
              </span>
              
                        
              <span
                class="ag-paging-number"
                id="ag-3-start-page-number"
                ref="lbCurrent"
              />
              
                        
              <span
                id="ag-3-of-page"
              >
                of
              </span>
              
                        
              <span
                class="ag-paging-number"
                id="ag-3-of-page-number"
                ref="lbTotal"
              />
              
                    
            </span>
            
                    
            <div
              aria-label="Next Page"
              class="ag-paging-button"
              ref="btNext"
              role="button"
            >
              <span
                class="ag-icon ag-icon-next"
                role="presentation"
                unselectable="on"
              />
            </div>
            
                    
            <div
              aria-label="Last Page"
              class="ag-paging-button"
              ref="btLast"
              role="button"
            >
              <span
                class="ag-icon ag-icon-last"
                role="presentation"
                unselectable="on"
              />
            </div>
            
                
          </span>
          
            
        </div>
      </div>
    </div>
  </div>
</div>
`;
